Total chars: 13
A:         2 ( 15.38%) ****************
B:         0 (  0.00%) 
C:         0 (  0.00%) 
D:         1 (  7.69%) ********
E:         0 (  0.00%) 
F:         1 (  7.69%) ********
G:         0 (  0.00%) 
H:         0 (  0.00%) 
I:         0 (  0.00%) 
J:         0 (  0.00%) 
K:         0 (  0.00%) 
L:         2 ( 15.38%) ****************
M:         0 (  0.00%) 
N:         2 ( 15.38%) ****************
O:         4 ( 30.77%) *******************************
P:         0 (  0.00%) 
Q:         0 (  0.00%) 
R:         0 (  0.00%) 
S:         0 (  0.00%) 
T:         0 (  0.00%) 
U:         1 (  7.69%) ********
V:         0 (  0.00%) 
W:         0 (  0.00%) 
X:         0 (  0.00%) 
Y:         0 (  0.00%) 
Z:         0 (  0.00%) 
