Total chars: 5
A:         0 (  0.00%) 
B:         0 (  0.00%) 
C:         0 (  0.00%) 
D:         0 (  0.00%) 
E:         2 ( 40.00%) ****************************************
F:         0 (  0.00%) 
G:         0 (  0.00%) 
H:         0 (  0.00%) 
I:         0 (  0.00%) 
J:         0 (  0.00%) 
K:         0 (  0.00%) 
L:         0 (  0.00%) 
M:         0 (  0.00%) 
N:         1 ( 20.00%) ********************
O:         0 (  0.00%) 
P:         0 (  0.00%) 
Q:         0 (  0.00%) 
R:         0 (  0.00%) 
S:         0 (  0.00%) 
T:         2 ( 40.00%) ****************************************
U:         0 (  0.00%) 
V:         0 (  0.00%) 
W:         0 (  0.00%) 
X:         0 (  0.00%) 
Y:         0 (  0.00%) 
Z:         0 (  0.00%) 
