Total chars: 11
A:         0 (  0.00%) 
B:         2 ( 18.18%) *******************
C:         0 (  0.00%) 
D:         0 (  0.00%) 
E:         2 ( 18.18%) *******************
F:         0 (  0.00%) 
G:         0 (  0.00%) 
H:         0 (  0.00%) 
I:         0 (  0.00%) 
J:         0 (  0.00%) 
K:         0 (  0.00%) 
L:         0 (  0.00%) 
M:         0 (  0.00%) 
N:         1 (  9.09%) **********
O:         3 ( 27.27%) ****************************
P:         0 (  0.00%) 
Q:         0 (  0.00%) 
R:         1 (  9.09%) **********
S:         0 (  0.00%) 
T:         2 ( 18.18%) *******************
U:         0 (  0.00%) 
V:         0 (  0.00%) 
W:         0 (  0.00%) 
X:         0 (  0.00%) 
Y:         0 (  0.00%) 
Z:         0 (  0.00%) 
